app/signup/page.tsx(884,70): error TS2304: Cannot find name 'EyeOff'.
app/signup/page.tsx(884,93): error TS2304: Cannot find name 'Eye'.
